Archive member included to satisfy reference by file (symbol)

C:\Users\tarun\Desktop\New folder\1\CMSIS_CORE_LPC17xx\Debug\libCMSIS_CORE_LPC17xx.a(cr_startup_lpc17.o)
                              (ResetISR)
C:\Users\tarun\Desktop\New folder\1\CMSIS_CORE_LPC17xx\Debug\libCMSIS_CORE_LPC17xx.a(system_LPC17xx.o)
                              C:\Users\tarun\Desktop\New folder\1\CMSIS_CORE_LPC17xx\Debug\libCMSIS_CORE_LPC17xx.a(cr_startup_lpc17.o) (SystemInit)
c:/nxp/mcuxpressoide_10.2.1_795/ide/tools/bin/../lib/gcc/arm-none-eabi/7.2.1/../../../../arm-none-eabi/lib/thumb/v7-m\libcr_semihost.a(_cr__main.o)
                              C:\Users\tarun\Desktop\New folder\1\CMSIS_CORE_LPC17xx\Debug\libCMSIS_CORE_LPC17xx.a(cr_startup_lpc17.o) (__main)
c:/nxp/mcuxpressoide_10.2.1_795/ide/tools/bin/../lib/gcc/arm-none-eabi/7.2.1/../../../../arm-none-eabi/lib/thumb/v7-m\libcr_c.a(memset.o)
                              ./main.o (memset)
c:/nxp/mcuxpressoide_10.2.1_795/ide/tools/bin/../lib/gcc/arm-none-eabi/7.2.1/../../../../arm-none-eabi/lib/thumb/v7-m\libcr_c.a(fpprintf.o)
                              ./main.o (snprintf)
c:/nxp/mcuxpressoide_10.2.1_795/ide/tools/bin/../lib/gcc/arm-none-eabi/7.2.1/../../../../arm-none-eabi/lib/thumb/v7-m\libcr_c.a(initio.o)
                              c:/nxp/mcuxpressoide_10.2.1_795/ide/tools/bin/../lib/gcc/arm-none-eabi/7.2.1/../../../../arm-none-eabi/lib/thumb/v7-m\libcr_semihost.a(_cr__main.o) (_initio)
c:/nxp/mcuxpressoide_10.2.1_795/ide/tools/bin/../lib/gcc/arm-none-eabi/7.2.1/../../../../arm-none-eabi/lib/thumb/v7-m\libcr_c.a(printf.o)
                              c:/nxp/mcuxpressoide_10.2.1_795/ide/tools/bin/../lib/gcc/arm-none-eabi/7.2.1/../../../../arm-none-eabi/lib/thumb/v7-m\libcr_c.a(fpprintf.o) (__vfprintf)
c:/nxp/mcuxpressoide_10.2.1_795/ide/tools/bin/../lib/gcc/arm-none-eabi/7.2.1/../../../../arm-none-eabi/lib/thumb/v7-m\libcr_c.a(scanf.o)
                              ./main.o (sscanf)
c:/nxp/mcuxpressoide_10.2.1_795/ide/tools/bin/../lib/gcc/arm-none-eabi/7.2.1/../../../../arm-none-eabi/lib/thumb/v7-m\libcr_c.a(setvbuf.o)
                              c:/nxp/mcuxpressoide_10.2.1_795/ide/tools/bin/../lib/gcc/arm-none-eabi/7.2.1/../../../../arm-none-eabi/lib/thumb/v7-m\libcr_c.a(initio.o) (setvbuf)
c:/nxp/mcuxpressoide_10.2.1_795/ide/tools/bin/../lib/gcc/arm-none-eabi/7.2.1/../../../../arm-none-eabi/lib/thumb/v7-m\libcr_c.a(strlen.o)
                              c:/nxp/mcuxpressoide_10.2.1_795/ide/tools/bin/../lib/gcc/arm-none-eabi/7.2.1/../../../../arm-none-eabi/lib/thumb/v7-m\libcr_c.a(printf.o) (strlen)
c:/nxp/mcuxpressoide_10.2.1_795/ide/tools/bin/../lib/gcc/arm-none-eabi/7.2.1/../../../../arm-none-eabi/lib/thumb/v7-m\libcr_c.a(ungetc.o)
                              c:/nxp/mcuxpressoide_10.2.1_795/ide/tools/bin/../lib/gcc/arm-none-eabi/7.2.1/../../../../arm-none-eabi/lib/thumb/v7-m\libcr_c.a(scanf.o) (ungetc)
c:/nxp/mcuxpressoide_10.2.1_795/ide/tools/bin/../lib/gcc/arm-none-eabi/7.2.1/../../../../arm-none-eabi/lib/thumb/v7-m\libcr_c.a(__fillbuf.o)
                              c:/nxp/mcuxpressoide_10.2.1_795/ide/tools/bin/../lib/gcc/arm-none-eabi/7.2.1/../../../../arm-none-eabi/lib/thumb/v7-m\libcr_c.a(scanf.o) (__filbuf)
c:/nxp/mcuxpressoide_10.2.1_795/ide/tools/bin/../lib/gcc/arm-none-eabi/7.2.1/../../../../arm-none-eabi/lib/thumb/v7-m\libcr_c.a(_deferredlazyseek.o)
                              c:/nxp/mcuxpressoide_10.2.1_795/ide/tools/bin/../lib/gcc/arm-none-eabi/7.2.1/../../../../arm-none-eabi/lib/thumb/v7-m\libcr_c.a(__fillbuf.o) (_deferredlazyseek)
c:/nxp/mcuxpressoide_10.2.1_795/ide/tools/bin/../lib/gcc/arm-none-eabi/7.2.1/../../../../arm-none-eabi/lib/thumb/v7-m\libcr_c.a(_fdopen.o)
                              c:/nxp/mcuxpressoide_10.2.1_795/ide/tools/bin/../lib/gcc/arm-none-eabi/7.2.1/../../../../arm-none-eabi/lib/thumb/v7-m\libcr_c.a(initio.o) (_fdopen)
c:/nxp/mcuxpressoide_10.2.1_795/ide/tools/bin/../lib/gcc/arm-none-eabi/7.2.1/../../../../arm-none-eabi/lib/thumb/v7-m\libcr_c.a(_fflush.o)
                              c:/nxp/mcuxpressoide_10.2.1_795/ide/tools/bin/../lib/gcc/arm-none-eabi/7.2.1/../../../../arm-none-eabi/lib/thumb/v7-m\libcr_c.a(__fillbuf.o) (_fflush)
c:/nxp/mcuxpressoide_10.2.1_795/ide/tools/bin/../lib/gcc/arm-none-eabi/7.2.1/../../../../arm-none-eabi/lib/thumb/v7-m\libcr_c.a(_frexpl.o)
                              c:/nxp/mcuxpressoide_10.2.1_795/ide/tools/bin/../lib/gcc/arm-none-eabi/7.2.1/../../../../arm-none-eabi/lib/thumb/v7-m\libcr_c.a(fpprintf.o) (_frexpl)
c:/nxp/mcuxpressoide_10.2.1_795/ide/tools/bin/../lib/gcc/arm-none-eabi/7.2.1/../../../../arm-none-eabi/lib/thumb/v7-m\libcr_c.a(_hugeval.o)
                              c:/nxp/mcuxpressoide_10.2.1_795/ide/tools/bin/../lib/gcc/arm-none-eabi/7.2.1/../../../../arm-none-eabi/lib/thumb/v7-m\libcr_c.a(scanf.o) (__huge_vall)
[...]
Memory Configuration

Name             Origin             Length             Attributes
MFlash512        0x00000000         0x00080000         xr
RamLoc32         0x10000000         0x00008000         xrw
RamAHB32         0x2007c000         0x00008000         xrw
*default*        0x00000000         0xffffffff

Linker script and memory map

LOAD ./LoRa.o
LOAD ./main.o
LOAD ./ssp.o
LOAD C:\Users\tarun\Documents\MCUXpressoIDE_10.2.1_795\myworkspace2\FreeRTOS_Library\Debug\libFreeRTOS_Library.a
LOAD C:\Users\tarun\Desktop\New folder\1\CMSIS_CORE_LPC17xx\Debug\libCMSIS_CORE_LPC17xx.a
START GROUP
LOAD c:/nxp/mcuxpressoide_10.2.1_795/ide/tools/bin/../lib/gcc/arm-none-eabi/7.2.1/../../../../arm-none-eabi/lib/thumb/v7-m\libcr_semihost.a
LOAD c:/nxp/mcuxpressoide_10.2.1_795/ide/tools/bin/../lib/gcc/arm-none-eabi/7.2.1/../../../../arm-none-eabi/lib/thumb/v7-m\libcr_c.a
LOAD c:/nxp/mcuxpressoide_10.2.1_795/ide/tools/bin/../lib/gcc/arm-none-eabi/7.2.1/thumb/v7-m\libcr_eabihelpers.a
END GROUP
                0x00000000                __base_MFlash512 = 0x0
                0x00000000                __base_Flash = 0x0
                0x00080000                __top_MFlash512 = 0x80000
                0x00080000                __top_Flash = 0x80000
                0x10000000                __base_RamLoc32 = 0x10000000
                0x10000000                __base_RAM = 0x10000000
                0x10008000                __top_RamLoc32 = 0x10008000
                0x10008000                __top_RAM = 0x10008000
                0x2007c000                __base_RamAHB32 = 0x2007c000
                0x2007c000                __base_RAM2 = 0x2007c000
                0x20084000                __top_RamAHB32 = 0x20084000
                0x20084000                __top_RAM2 = 0x20084000

.text           0x00000000     0x455c
 FILL mask 0xff
                0x00000000                __vectors_start__ = ABSOLUTE (.)
 *(.isr_vector)
 .isr_vector    0x00000000       0xcc C:\Users\tarun\Desktop\New folder\1\CMSIS_CORE_LPC17xx\Debug\libCMSIS_CORE_LPC17xx.a(cr_startup_lpc17.o)
                0x00000000                g_pfnVectors
                0x000000cc                . = ALIGN (0x4)
                0x000000cc                __section_table_start = .
                0x000000cc                __data_section_table = .
                0x000000cc        0x4 LONG 0x455c LOADADDR (.data)
                0x000000d0        0x4 LONG 0x10000000 ADDR (.data)
                0x000000d4        0x4 LONG 0xc SIZEOF (.data)
                0x000000d8        0x4 LONG 0x455c LOADADDR (.data_RAM2)
                0x000000dc        0x4 LONG 0x2007c000 ADDR (.data_RAM2)
                0x000000e0        0x4 LONG 0x0 SIZEOF (.data_RAM2)
                0x000000e4                __data_section_table_end = .
                0x000000e4                __bss_section_table = .
                0x000000e4        0x4 LONG 0x1000000c ADDR (.bss)
                0x000000e8        0x4 LONG 0x220 SIZEOF (.bss)
                0x000000ec        0x4 LONG 0x2007c000 ADDR (.bss_RAM2)
                0x000000f0        0x4 LONG 0x0 SIZEOF (.bss_RAM2)
                0x000000f4                __bss_section_table_end = .
                0x000000f4                __section_table_end = .
 *(.after_vectors*)
 *(.text*)
 .text.enablefreqhopping
                0x000000f4       0x10 ./LoRa.o
                0x000000f4                enablefreqhopping
 .text.gpioInit
                0x00000104       0x38 ./LoRa.o
                0x00000104                gpioInit
 .text.digitalWrite
                0x0000013c       0x64 ./LoRa.o
                0x0000013c                digitalWrite
 .text.LoRabegin
                0x000001a0       0xdc ./LoRa.o
                0x000001a0                LoRabegin
 .text.LoRabeginPacket
                0x0000027c       0x36 ./LoRa.o
                0x0000027c                LoRabeginPacket
 .text.LoRaendPacket
                0x000002b2       0x44 ./LoRa.o
                0x000002b2                LoRaendPacket
 *fill*         0x000002f6        0x2 ff
 .text.parsePacket
                0x000002f8       0xbc ./LoRa.o
                0x000002f8                parsePacket
 .text.write    0x000003b4       0x88 ./LoRa.o
                0x000003b4                write
 .text.available
                0x0000043c       0x1c ./LoRa.o
                0x0000043c                available
 .text.read     0x00000458       0x30 ./LoRa.o
                0x00000458                read
 .text.idle     0x00000488       0x10 ./LoRa.o
                0x00000488                idle
 .text.sleep    0x00000498       0x10 ./LoRa.o
                0x00000498                sleep
 .text.setTxPower
                0x000004a8       0x40 ./LoRa.o
                0x000004a8                setTxPower
 .text.setFrequency
                0x000004e8       0x98 ./LoRa.o
                0x000004e8                setFrequency
 .text.setSpreadingFactor
                0x00000580       0x72 ./LoRa.o
                0x00000580                setSpreadingFactor
 .text.setSyncWord
                0x000005f2       0x1c ./LoRa.o
                0x000005f2                setSyncWord
 .text.crc      0x0000060e       0x1e ./LoRa.o
                0x0000060e                crc
 .text.explicitHeaderMode
                0x0000062c       0x28 ./LoRa.o
                0x0000062c                explicitHeaderMode
 .text.implicitHeaderMode
                0x00000654       0x28 ./LoRa.o
                0x00000654                implicitHeaderMode
 .text.readRegister
                0x0000067c       0x24 ./LoRa.o
                0x0000067c                readRegister
 .text.writeRegister
                0x000006a0       0x2a ./LoRa.o
                0x000006a0                writeRegister
 *fill*         0x000006ca        0x2 ff
 .text.singleTransfer
                0x000006cc       0x48 ./LoRa.o
                0x000006cc                singleTransfer
 .text.sendData
                0x00000714       0x98 ./main.o
                0x00000714                sendData
 .text.improveTxPower
                0x000007ac       0x20 ./main.o
                0x000007ac                improveTxPower
 .text.calculateNewSF
                0x000007cc       0x38 ./main.o
                0x000007cc                calculateNewSF
 .text.main     0x00000804      0x254 ./main.o
                0x00000804                main
 .text.NVIC_EnableIRQ
                0x00000a58       0x30 ./ssp.o
 .text.SSP1_IRQHandler
                0x00000a88       0x70 ./ssp.o
                0x00000a88                SSP1_IRQHandler
 .text.SSP1Init
                0x00000af8       0x94 ./ssp.o
                0x00000af8                SSP1Init
 .text.ssp1Transfer
                0x00000b8c       0x38 ./ssp.o
                0x00000b8c                ssp1Transfer
 .text.NMI_Handler
                0x00000bc4        0x2 C:\Users\tarun\Desktop\New folder\1\CMSIS_CORE_LPC17xx\Debug\libCMSIS_CORE_LPC17xx.a(cr_startup_lpc17.o)
                0x00000bc4                NMI_Handler
 .text.HardFault_Handler
                0x00000bc6        0x2 C:\Users\tarun\Desktop\New folder\1\CMSIS_CORE_LPC17xx\Debug\libCMSIS_CORE_LPC17xx.a(cr_startup_lpc17.o)
                0x00000bc6                HardFault_Handler
 .text.MemManage_Handler
                0x00000bc8        0x2 C:\Users\tarun\Desktop\New folder\1\CMSIS_CORE_LPC17xx\Debug\libCMSIS_CORE_LPC17xx.a(cr_startup_lpc17.o)
                0x00000bc8                MemManage_Handler
 .text.BusFault_Handler
                0x00000bca        0x2 C:\Users\tarun\Desktop\New folder\1\CMSIS_CORE_LPC17xx\Debug\libCMSIS_CORE_LPC17xx.a(cr_startup_lpc17.o)
                0x00000bca                BusFault_Handler
 .text.UsageFault_Handler
                0x00000bcc        0x2 C:\Users\tarun\Desktop\New folder\1\CMSIS_CORE_LPC17xx\Debug\libCMSIS_CORE_LPC17xx.a(cr_startup_lpc17.o)
                0x00000bcc                UsageFault_Handler
 .text.SVCall_Handler
                0x00000bce        0x2 C:\Users\tarun\Desktop\New folder\1\CMSIS_CORE_LPC17xx\Debug\libCMSIS_CORE_LPC17xx.a(cr_startup_lpc17.o)
                0x00000bce                SVCall_Handler
 .text.DebugMon_Handler
                0x00000bd0        0x2 C:\Users\tarun\Desktop\New folder\1\CMSIS_CORE_LPC17xx\Debug\libCMSIS_CORE_LPC17xx.a(cr_startup_lpc17.o)
                0x00000bd0                DebugMon_Handler
 .text.PendSV_Handler
                0x00000bd2        0x2 C:\Users\tarun\Desktop\New folder\1\CMSIS_CORE_LPC17xx\Debug\libCMSIS_CORE_LPC17xx.a(cr_startup_lpc17.o)
                0x00000bd2                PendSV_Handler
 .text.SysTick_Handler
                0x00000bd4        0x2 C:\Users\tarun\Desktop\New folder\1\CMSIS_CORE_LPC17xx\Debug\libCMSIS_CORE_LPC17xx.a(cr_startup_lpc17.o)
                0x00000bd4                SysTick_Handler
 .text.IntDefaultHandler
                0x00000bd6        0x2 C:\Users\tarun\Desktop\New folder\1\CMSIS_CORE_LPC17xx\Debug\libCMSIS_CORE_LPC17xx.a(cr_startup_lpc17.o)
                0x00000bd6                TIMER2_IRQHandler
                0x00000bd6                RIT_IRQHandler
                0x00000bd6                I2C0_IRQHandler
                0x00000bd6                USBActivity_IRQHandler
                0x00000bd6                PWM1_IRQHandler
                0x00000bd6                I2C1_IRQHandler
                0x00000bd6                EINT2_IRQHandler
                0x00000bd6                UART1_IRQHandler
                0x00000bd6                EINT3_IRQHandler
                0x00000bd6                CANActivity_IRQHandler
                0x00000bd6                TIMER3_IRQHandler
                0x00000bd6                UART0_IRQHandler
                0x00000bd6                IntDefaultHandler
                0x00000bd6                PLL0_IRQHandler
                0x00000bd6                CAN_IRQHandler
                0x00000bd6                PLL1_IRQHandler
                0x00000bd6                SSP0_IRQHandler
                0x00000bd6                I2S_IRQHandler
                0x00000bd6                I2C2_IRQHandler
                0x00000bd6                RTC_IRQHandler
                0x00000bd6                TIMER0_IRQHandler
                0x00000bd6                SPI_IRQHandler
                0x00000bd6                EINT1_IRQHandler
                0x00000bd6                TIMER1_IRQHandler
                0x00000bd6                UART2_IRQHandler
                0x00000bd6                ADC_IRQHandler
                0x00000bd6                USB_IRQHandler
                0x00000bd6                BOD_IRQHandler
                0x00000bd6                WDT_IRQHandler
                0x00000bd6                QEI_IRQHandler
                0x00000bd6                EINT0_IRQHandler
                0x00000bd6                DMA_IRQHandler
                0x00000bd6                UART3_IRQHandler
                0x00000bd6                MCPWM_IRQHandler
                0x00000bd6                ENET_IRQHandler
 .text.ResetISR
                0x00000bd8       0x48 C:\Users\tarun\Desktop\New folder\1\CMSIS_CORE_LPC17xx\Debug\libCMSIS_CORE_LPC17xx.a(cr_startup_lpc17.o)
                0x00000bd8                ResetISR
 .text.SystemInit
                0x00000c20       0xdc C:\Users\tarun\Desktop\New folder\1\CMSIS_CORE_LPC17xx\Debug\libCMSIS_CORE_LPC17xx.a(system_LPC17xx.o)
                0x00000c20                SystemInit
 .text.__main   0x00000cfc        0xe c:/nxp/mcuxpressoide_10.2.1_795/ide/tools/bin/../lib/gcc/arm-none-eabi/7.2.1/../../../../arm-none-eabi/lib/thumb/v7-m\libcr_semihost.a(_cr__main.o)
                0x00000cfc                __CR_SEMIHOST
                0x00000cfc                __main
 .text.memset   0x00000d0a        0x4 c:/nxp/mcuxpressoide_10.2.1_795/ide/tools/bin/../lib/gcc/arm-none-eabi/7.2.1/../../../../arm-none-eabi/lib/thumb/v7-m\libcr_c.a(memset.o)
                0x00000d0a                memset
 .text.fp_round
                0x00000d0e       0x4c c:/nxp/mcuxpressoide_10.2.1_795/ide/tools/bin/../lib/gcc/arm-none-eabi/7.2.1/../../../../arm-none-eabi/lib/thumb/v7-m\libcr_c.a(fpprintf.o)
 .text.pr_dec.constprop.1
                0x00000d5a       0x26 c:/nxp/mcuxpressoide_10.2.1_795/ide/tools/bin/../lib/gcc/arm-none-eabi/7.2.1/../../../../arm-none-eabi/lib/thumb/v7-m\libcr_c.a(fpprintf.o)
 .text.sprintf  0x00000d80       0x6c c:/nxp/mcuxpressoide_10.2.1_795/ide/tools/bin/../lib/gcc/arm-none-eabi/7.2.1/../../../../arm-none-eabi/lib/thumb/v7-m\libcr_c.a(fpprintf.o)
                0x00000d80                sprintf
 *fill*         0x00000dec        0x4 ff
 .text.fp_display
                0x00000df0      0x96c c:/nxp/mcuxpressoide_10.2.1_795/ide/tools/bin/../lib/gcc/arm-none-eabi/7.2.1/../../../../arm-none-eabi/lib/thumb/v7-m\libcr_c.a(fpprintf.o)
 .text.snprintf
                0x0000175c       0x68 c:/nxp/mcuxpressoide_10.2.1_795/ide/tools/bin/../lib/gcc/arm-none-eabi/7.2.1/../../../../arm-none-eabi/lib/thumb/v7-m\libcr_c.a(fpprintf.o)
                0x0000175c                snprintf
 .text.vsnprintf
                0x000017c4       0x5c c:/nxp/mcuxpressoide_10.2.1_795/ide/tools/bin/../lib/gcc/arm-none-eabi/7.2.1/../../../../arm-none-eabi/lib/thumb/v7-m\libcr_c.a(fpprintf.o)
                0x000017c4                vsnprintf
 .text.printf   0x00001820       0x54 c:/nxp/mcuxpressoide_10.2.1_795/ide/tools/bin/../lib/gcc/arm-none-eabi/7.2.1/../../../../arm-none-eabi/lib/thumb/v7-m\libcr_c.a(fpprintf.o)
                0x00001820                printf
 .text._initio  0x00001874       0x78 c:/nxp/mcuxpressoide_10.2.1_795/ide/tools/bin/../lib/gcc/arm-none-eabi/7.2.1/../../../../arm-none-eabi/lib/thumb/v7-m\libcr_c.a(initio.o)
                0x00001874                _initio
 .text.__vfprintf
                0x000018ec      0xb98 c:/nxp/mcuxpressoide_10.2.1_795/ide/tools/bin/../lib/gcc/arm-none-eabi/7.2.1/../../../../arm-none-eabi/lib/thumb/v7-m\libcr_c.a(printf.o)
                0x000018ec                __vfprintf
 .text.ch_val   0x00002484       0x30 c:/nxp/mcuxpressoide_10.2.1_795/ide/tools/bin/../lib/gcc/arm-none-eabi/7.2.1/../../../../arm-none-eabi/lib/thumb/v7-m\libcr_c.a(scanf.o)
 .text.cr_rd_int
                0x000024b4      0x1ac c:/nxp/mcuxpressoide_10.2.1_795/ide/tools/bin/../lib/gcc/arm-none-eabi/7.2.1/../../../../arm-none-eabi/lib/thumb/v7-m\libcr_c.a(scanf.o)
 .text.vfscanf  0x00002660      0x8fc c:/nxp/mcuxpressoide_10.2.1_795/ide/tools/bin/../lib/gcc/arm-none-eabi/7.2.1/../../../../arm-none-eabi/lib/thumb/v7-m\libcr_c.a(scanf.o)
                0x00002660                vfscanf
 .text.sscanf   0x00002f5c       0x3e c:/nxp/mcuxpressoide_10.2.1_795/ide/tools/bin/../lib/gcc/arm-none-eabi/7.2.1/../../../../arm-none-eabi/lib/thumb/v7-m\libcr_c.a(scanf.o)
                0x00002f5c                sscanf
 *fill*         0x00002f9a        0x2 ff
 .text.setvbuf  0x00002f9c       0x40 c:/nxp/mcuxpressoide_10.2.1_795/ide/tools/bin/../lib/gcc/arm-none-eabi/7.2.1/../../../../arm-none-eabi/lib/thumb/v7-m\libcr_c.a(setvbuf.o)
                0x00002f9c                setvbuf
 .text.strlen   0x00002fdc       0x4a c:/nxp/mcuxpressoide_10.2.1_795/ide/tools/bin/../lib/gcc/arm-none-eabi/7.2.1/../../../../arm-none-eabi/lib/thumb/v7-m\libcr_c.a(strlen.o)
                0x00002fdc                strlen
 .text.ungetc   0x00003026       0x32 c:/nxp/mcuxpressoide_10.2.1_795/ide/tools/bin/../lib/gcc/arm-none-eabi/7.2.1/../../../../arm-none-eabi/lib/thumb/v7-m\libcr_c.a(ungetc.o)
                0x00003026                ungetc
 .text._Csys_read_
                0x00003058       0x22 c:/nxp/mcuxpressoide_10.2.1_795/ide/tools/bin/../lib/gcc/arm-none-eabi/7.2.1/../../../../arm-none-eabi/lib/thumb/v7-m\libcr_c.a(__fillbuf.o)
                0x00003058                _Csys_read_
 *fill*         0x0000307a        0x2 ff
 .text.__filbuf
                0x0000307c      0x178 c:/nxp/mcuxpressoide_10.2.1_795/ide/tools/bin/../lib/gcc/arm-none-eabi/7.2.1/../../../../arm-none-eabi/lib/thumb/v7-m\libcr_c.a(__fillbuf.o)
                0x0000307c                __filbuf
 .text._deferredlazyseek
                0x000031f4       0x40 c:/nxp/mcuxpressoide_10.2.1_795/ide/tools/bin/../lib/gcc/arm-none-eabi/7.2.1/../../../../arm-none-eabi/lib/thumb/v7-m\libcr_c.a(_deferredlazyseek.o)
                0x000031f4                _deferredlazyseek
 .text.__flsbuf
                0x00003234      0x140 c:/nxp/mcuxpressoide_10.2.1_795/ide/tools/bin/../lib/gcc/arm-none-eabi/7.2.1/../../../../arm-none-eabi/lib/thumb/v7-m\libcr_c.a(_deferredlazyseek.o)
                0x00003234                __flsbuf
 .text._fdopen  0x00003374       0x68 c:/nxp/mcuxpressoide_10.2.1_795/ide/tools/bin/../lib/gcc/arm-none-eabi/7.2.1/../../../../arm-none-eabi/lib/thumb/v7-m\libcr_c.a(_fdopen.o)
                0x00003374                _fdopen
 .text._fflush  0x000033dc       0x52 c:/nxp/mcuxpressoide_10.2.1_795/ide/tools/bin/../lib/gcc/arm-none-eabi/7.2.1/../../../../arm-none-eabi/lib/thumb/v7-m\libcr_c.a(_fflush.o)
                0x000033dc                _fflush
 .text._frexpl  0x0000342e       0x56 c:/nxp/mcuxpressoide_10.2.1_795/ide/tools/bin/../lib/gcc/arm-none-eabi/7.2.1/../../../../arm-none-eabi/lib/thumb/v7-m\libcr_c.a(_frexpl.o)
                0x0000342e                _frexpl
 .text._ldexpl  0x00003484       0x4c c:/nxp/mcuxpressoide_10.2.1_795/ide/tools/bin/../lib/gcc/arm-none-eabi/7.2.1/../../../../arm-none-eabi/lib/thumb/v7-m\libcr_c.a(_ldexpl.o)
                0x00003484                _ldexpl
 .text._Cwritebuf
                0x000034d0       0x6c c:/nxp/mcuxpressoide_10.2.1_795/ide/tools/bin/../lib/gcc/arm-none-eabi/7.2.1/../../../../arm-none-eabi/lib/thumb/v7-m\libcr_c.a(_writebuf.o)
                0x000034d0                _Cwritebuf
 .text.malloc   0x0000353c       0xc8 c:/nxp/mcuxpressoide_10.2.1_795/ide/tools/bin/../lib/gcc/arm-none-eabi/7.2.1/../../../../arm-none-eabi/lib/thumb/v7-m\libcr_c.a(alloc.o)
                0x0000353c                malloc
 .text.free     0x00003604       0x30 c:/nxp/mcuxpressoide_10.2.1_795/ide/tools/bin/../lib/gcc/arm-none-eabi/7.2.1/../../../../arm-none-eabi/lib/thumb/v7-m\libcr_c.a(alloc.o)
                0x00003604                free
 .text._Csys_alloc
                0x00003634       0x20 c:/nxp/mcuxpressoide_10.2.1_795/ide/tools/bin/../lib/gcc/arm-none-eabi/7.2.1/../../../../arm-none-eabi/lib/thumb/v7-m\libcr_c.a(alloc.o)
                0x00003634                _Csys_alloc
 .text.fclose   0x00003654       0x58 c:/nxp/mcuxpressoide_10.2.1_795/ide/tools/bin/../lib/gcc/arm-none-eabi/7.2.1/../../../../arm-none-eabi/lib/thumb/v7-m\libcr_c.a(fclose.o)
                0x00003654                fclose
 .text.fflush   0x000036ac       0x44 c:/nxp/mcuxpressoide_10.2.1_795/ide/tools/bin/../lib/gcc/arm-none-eabi/7.2.1/../../../../arm-none-eabi/lib/thumb/v7-m\libcr_c.a(fflush.o)
                0x000036ac                fflush
 .text.fseek    0x000036f0      0x100 c:/nxp/mcuxpressoide_10.2.1_795/ide/tools/bin/../lib/gcc/arm-none-eabi/7.2.1/../../../../arm-none-eabi/lib/thumb/v7-m\libcr_c.a(fseek.o)
                0x000036f0                fseek
 .text.ftell    0x000037f0       0x44 c:/nxp/mcuxpressoide_10.2.1_795/ide/tools/bin/../lib/gcc/arm-none-eabi/7.2.1/../../../../arm-none-eabi/lib/thumb/v7-m\libcr_c.a(ftell.o)
                0x000037f0                ftell
 .text.remove   0x00003834       0x14 c:/nxp/mcuxpressoide_10.2.1_795/ide/tools/bin/../lib/gcc/arm-none-eabi/7.2.1/../../../../arm-none-eabi/lib/thumb/v7-m\libcr_c.a(remove.o)
                0x00003834                remove
 .text._sbrk    0x00003848       0x3c c:/nxp/mcuxpressoide_10.2.1_795/ide/tools/bin/../lib/gcc/arm-none-eabi/7.2.1/../../../../arm-none-eabi/lib/thumb/v7-m\libcr_c.a(_cr_sbrk.o)
                0x00003848                _sbrk
 .text._do_fflush
                0x00003884       0x40 c:/nxp/mcuxpressoide_10.2.1_795/ide/tools/bin/../lib/gcc/arm-none-eabi/7.2.1/../../../../arm-none-eabi/lib/thumb/v7-m\libcr_c.a(_do_fflush.o)
                0x00003884                _do_fflush
 .text.__check_heap_overflow
                0x000038c4       0x18 c:/nxp/mcuxpressoide_10.2.1_795/ide/tools/bin/../lib/gcc/arm-none-eabi/7.2.1/../../../../arm-none-eabi/lib/thumb/v7-m\libcr_c.a(_cr_check_heap.o)
                0x000038c4                __check_heap_overflow
 .text.__aeabi_division_uldivmod
                0x000038dc      0x174 c:/nxp/mcuxpressoide_10.2.1_795/ide/tools/bin/../lib/gcc/arm-none-eabi/7.2.1/thumb/v7-m\libcr_eabihelpers.a(division_64.o)
                0x000038dc                __aeabi_uldivmod
                0x000038e0                __bhs_ldivmod1
 .text.__aeabi_division_idiv0
                0x00003a50        0x2 c:/nxp/mcuxpressoide_10.2.1_795/ide/tools/bin/../lib/gcc/arm-none-eabi/7.2.1/thumb/v7-m\libcr_eabihelpers.a(division_idiv0.o)
                0x00003a50                __aeabi_idiv0
 *fill*         0x00003a52        0x2 ff
 .text.__aeabi_dmul
                0x00003a54      0x10c c:/nxp/mcuxpressoide_10.2.1_795/ide/tools/bin/../lib/gcc/arm-none-eabi/7.2.1/thumb/v7-m\libcr_eabihelpers.a(double.o)
                0x00003a54                __aeabi_dmul
 .text.__aeabi_ddiv
                0x00003b60      0x130 c:/nxp/mcuxpressoide_10.2.1_795/ide/tools/bin/../lib/gcc/arm-none-eabi/7.2.1/thumb/v7-m\libcr_eabihelpers.a(double.o)
                0x00003b60                __aeabi_ddiv
 .text.__aeabi_dsub
                0x00003c90      0x1b0 c:/nxp/mcuxpressoide_10.2.1_795/ide/tools/bin/../lib/gcc/arm-none-eabi/7.2.1/thumb/v7-m\libcr_eabihelpers.a(double.o)
                0x00003c90                __aeabi_dsub
 .text.__aeabi_dadd
                0x00003e40      0x10c c:/nxp/mcuxpressoide_10.2.1_795/ide/tools/bin/../lib/gcc/arm-none-eabi/7.2.1/thumb/v7-m\libcr_eabihelpers.a(double.o)
                0x00003e40                __aeabi_dadd
 .text.__aeabi_d2f
                0x00003f4c       0x54 c:/nxp/mcuxpressoide_10.2.1_795/ide/tools/bin/../lib/gcc/arm-none-eabi/7.2.1/thumb/v7-m\libcr_eabihelpers.a(double.o)
                0x00003f4c                __aeabi_d2f
 .text.__aeabi_d2iz
                0x00003fa0       0x40 c:/nxp/mcuxpressoide_10.2.1_795/ide/tools/bin/../lib/gcc/arm-none-eabi/7.2.1/thumb/v7-m\libcr_eabihelpers.a(double.o)
                0x00003fa0                __aeabi_d2iz
 .text.__bhs_ui2d
                0x00003fe0       0x46 c:/nxp/mcuxpressoide_10.2.1_795/ide/tools/bin/../lib/gcc/arm-none-eabi/7.2.1/thumb/v7-m\libcr_eabihelpers.a(double.o)
                0x00003fe0                __bhs_ui2d
 .text.__aeabi_i2d
                0x00004026       0x12 c:/nxp/mcuxpressoide_10.2.1_795/ide/tools/bin/../lib/gcc/arm-none-eabi/7.2.1/thumb/v7-m\libcr_eabihelpers.a(double.o)
                0x00004026                __aeabi_i2d
 .text.__aeabi_dcmpeq
                0x00004038       0x2c c:/nxp/mcuxpressoide_10.2.1_795/ide/tools/bin/../lib/gcc/arm-none-eabi/7.2.1/thumb/v7-m\libcr_eabihelpers.a(double.o)
                0x00004038                __aeabi_dcmpeq
 .text.__aeabi_dcmplt
                0x00004064       0x54 c:/nxp/mcuxpressoide_10.2.1_795/ide/tools/bin/../lib/gcc/arm-none-eabi/7.2.1/thumb/v7-m\libcr_eabihelpers.a(double.o)
                0x00004064                __aeabi_dcmplt
 .text.__aeabi_dcmple
                0x000040b8       0x54 c:/nxp/mcuxpressoide_10.2.1_795/ide/tools/bin/../lib/gcc/arm-none-eabi/7.2.1/thumb/v7-m\libcr_eabihelpers.a(double.o)
                0x000040b8                __aeabi_dcmple
 .text.__aeabi_dcmpge
                0x0000410c       0x54 c:/nxp/mcuxpressoide_10.2.1_795/ide/tools/bin/../lib/gcc/arm-none-eabi/7.2.1/thumb/v7-m\libcr_eabihelpers.a(double.o)
                0x0000410c                __aeabi_dcmpge
 .text.__aeabi_f2d
                0x00004160       0x38 c:/nxp/mcuxpressoide_10.2.1_795/ide/tools/bin/../lib/gcc/arm-none-eabi/7.2.1/thumb/v7-m\libcr_eabihelpers.a(float.o)
                0x00004160                __aeabi_f2d
 .text.__aeabi_fcmplt
                0x00004198       0x3a c:/nxp/mcuxpressoide_10.2.1_795/ide/tools/bin/../lib/gcc/arm-none-eabi/7.2.1/thumb/v7-m\libcr_eabihelpers.a(float.o)
                0x00004198                __aeabi_fcmplt
 .text.__aeabi_memset_lowlevel
                0x000041d2       0x32 c:/nxp/mcuxpressoide_10.2.1_795/ide/tools/bin/../lib/gcc/arm-none-eabi/7.2.1/thumb/v7-m\libcr_eabihelpers.a(memcpy.o)
                0x000041d2                __aeabi_lowlevel_memset
 .text.__sys_appexit
                0x00004204        0xc c:/nxp/mcuxpressoide_10.2.1_795/ide/tools/bin/../lib/gcc/arm-none-eabi/7.2.1/../../../../arm-none-eabi/lib/thumb/v7-m\libcr_semihost.a(__sys_appexit.o)
                0x00004204                __sys_appexit
                0x00004204                __exit
 .text.__sys_close
                0x00004210        0xc c:/nxp/mcuxpressoide_10.2.1_795/ide/tools/bin/../lib/gcc/arm-none-eabi/7.2.1/../../../../arm-none-eabi/lib/thumb/v7-m\libcr_semihost.a(__sys_close.o)
                0x00004210                __sys_close
 .text.__sys_flen
                0x0000421c        0xc c:/nxp/mcuxpressoide_10.2.1_795/ide/tools/bin/../lib/gcc/arm-none-eabi/7.2.1/../../../../arm-none-eabi/lib/thumb/v7-m\libcr_semihost.a(__sys_flen.o)
                0x0000421c                __sys_flen
 .text.__sys_istty
                0x00004228        0xc c:/nxp/mcuxpressoide_10.2.1_795/ide/tools/bin/../lib/gcc/arm-none-eabi/7.2.1/../../../../arm-none-eabi/lib/thumb/v7-m\libcr_semihost.a(__sys_istty.o)
                0x00004228                __sys_istty
 .text.__sys_read
                0x00004234        0xc c:/nxp/mcuxpressoide_10.2.1_795/ide/tools/bin/../lib/gcc/arm-none-eabi/7.2.1/../../../../arm-none-eabi/lib/thumb/v7-m\libcr_semihost.a(__sys_read.o)
                0x00004234                __sys_read
 .text.__sys_readc
                0x00004240        0x8 c:/nxp/mcuxpressoide_10.2.1_795/ide/tools/bin/../lib/gcc/arm-none-eabi/7.2.1/../../../../arm-none-eabi/lib/thumb/v7-m\libcr_semihost.a(__sys_readc.o)
                0x00004240                __sys_readc
                0x00004240                __readc
 .text.__sys_remove
                0x00004248        0xc c:/nxp/mcuxpressoide_10.2.1_795/ide/tools/bin/../lib/gcc/arm-none-eabi/7.2.1/../../../../arm-none-eabi/lib/thumb/v7-m\libcr_semihost.a(__sys_remove.o)
                0x00004248                __sys_remove
 .text.__sys_seek
                0x00004254        0xc c:/nxp/mcuxpressoide_10.2.1_795/ide/tools/bin/../lib/gcc/arm-none-eabi/7.2.1/../../../../arm-none-eabi/lib/thumb/v7-m\libcr_semihost.a(__sys_seek.o)
                0x00004254                __sys_seek
 .text.__sys_tmpnam
                0x00004260        0xc c:/nxp/mcuxpressoide_10.2.1_795/ide/tools/bin/../lib/gcc/arm-none-eabi/7.2.1/../../../../arm-none-eabi/lib/thumb/v7-m\libcr_semihost.a(__sys_tmpnam.o)
                0x00004260                __sys_tmpnam
 .text.__sys_write
                0x0000426c        0xc c:/nxp/mcuxpressoide_10.2.1_795/ide/tools/bin/../lib/gcc/arm-none-eabi/7.2.1/../../../../arm-none-eabi/lib/thumb/v7-m\libcr_semihost.a(__sys_write.o)
                0x0000426c                __sys_write
 *(.rodata .rodata.* .constdata .constdata.*)
 .rodata        0x00004278       0x60 ./LoRa.o
 .rodata        0x000042d8       0x74 ./main.o
 .rodata.fp_display.str1.1
                0x0000434c       0x34 c:/nxp/mcuxpressoide_10.2.1_795/ide/tools/bin/../lib/gcc/arm-none-eabi/7.2.1/../../../../arm-none-eabi/lib/thumb/v7-m\libcr_c.a(fpprintf.o)
                                 0x35 (size before relaxing)
 .rodata._initio.str1.1
                0x00004380        0x4 c:/nxp/mcuxpressoide_10.2.1_795/ide/tools/bin/../lib/gcc/arm-none-eabi/7.2.1/../../../../arm-none-eabi/lib/thumb/v7-m\libcr_c.a(initio.o)
 .rodata.__vfprintf.str1.1
                0x00004384       0x31 c:/nxp/mcuxpressoide_10.2.1_795/ide/tools/bin/../lib/gcc/arm-none-eabi/7.2.1/../../../../arm-none-eabi/lib/thumb/v7-m\libcr_c.a(printf.o)
                                 0x38 (size before relaxing)
 *fill*         0x000043b5        0x3 ff
 .rodata.__huge_vall
                0x000043b8        0x8 c:/nxp/mcuxpressoide_10.2.1_795/ide/tools/bin/../lib/gcc/arm-none-eabi/7.2.1/../../../../arm-none-eabi/lib/thumb/v7-m\libcr_c.a(_hugeval.o)
                0x000043b8                __huge_vall
 .rodata._Csys_alloc.str1.1
                0x000043c0       0x18 c:/nxp/mcuxpressoide_10.2.1_795/ide/tools/bin/../lib/gcc/arm-none-eabi/7.2.1/../../../../arm-none-eabi/lib/thumb/v7-m\libcr_c.a(alloc.o)
 .rodata.__ctype
                0x000043d8      0x180 c:/nxp/mcuxpressoide_10.2.1_795/ide/tools/bin/../lib/gcc/arm-none-eabi/7.2.1/../../../../arm-none-eabi/lib/thumb/v7-m\libcr_c.a(ctype.o)
                0x000043d8                __ctype
 .rodata.__num_Ciob_streams
                0x00004558        0x4 c:/nxp/mcuxpressoide_10.2.1_795/ide/tools/bin/../lib/gcc/arm-none-eabi/7.2.1/../../../../arm-none-eabi/lib/thumb/v7-m\libcr_semihost.a(__ciob.o)
                0x00004558                __num_Ciob_streams
                0x0000455c                . = ALIGN (0x4)

.glue_7         0x0000455c        0x0
 .glue_7        0x0000455c        0x0 linker stubs

.glue_7t        0x0000455c        0x0
 .glue_7t       0x0000455c        0x0 linker stubs

.vfp11_veneer   0x0000455c        0x0
 .vfp11_veneer  0x0000455c        0x0 linker stubs

.v4_bx          0x0000455c        0x0
 .v4_bx         0x0000455c        0x0 linker stubs

.iplt           0x0000455c        0x0
 .iplt          0x0000455c        0x0 ./LoRa.o

.rel.dyn        0x0000455c        0x0
 .rel.iplt      0x0000455c        0x0 ./LoRa.o

.ARM.extab
 *(.ARM.extab* .gnu.linkonce.armextab.*)
                0x0000455c                __exidx_start = .

.ARM.exidx
 *(.ARM.exidx* .gnu.linkonce.armexidx.*)
                0x0000455c                __exidx_end = .
                0x0000455c                _etext = .

.data_RAM2      0x2007c000        0x0 load address 0x0000455c
 FILL mask 0xff
                [!provide]                PROVIDE (__start_data_RAM2, .)
 *(.ramfunc.$RAM2)
 *(.ramfunc.$RamAHB32)
 *(.data.$RAM2*)
 *(.data.$RamAHB32*)
                0x2007c000                . = ALIGN (0x4)
                [!provide]                PROVIDE (__end_data_RAM2, .)

.uninit_RESERVED
                0x10000000        0x0
 *(.bss.$RESERVED*)
                0x10000000                . = ALIGN (0x4)
                0x10000000                _end_uninit_RESERVED = .

.data           0x10000000        0xc load address 0x0000455c
 FILL mask 0xff
                0x10000000                _data = .
 *(vtable)
 *(.ramfunc*)
 *(.data*)
 .data.SystemCoreClock
                0x10000000        0x4 C:\Users\tarun\Desktop\New folder\1\CMSIS_CORE_LPC17xx\Debug\libCMSIS_CORE_LPC17xx.a(system_LPC17xx.o)
                0x10000000                SystemCoreClock
 .data.neginf.4365
                0x10000004        0x4 c:/nxp/mcuxpressoide_10.2.1_795/ide/tools/bin/../lib/gcc/arm-none-eabi/7.2.1/../../../../arm-none-eabi/lib/thumb/v7-m\libcr_c.a(scanf.o)
 .data.posinf.4364
                0x10000008        0x4 c:/nxp/mcuxpressoide_10.2.1_795/ide/tools/bin/../lib/gcc/arm-none-eabi/7.2.1/../../../../arm-none-eabi/lib/thumb/v7-m\libcr_c.a(scanf.o)
                0x1000000c                . = ALIGN (0x4)
                0x1000000c                _edata = .

.igot.plt       0x1000000c        0x0 load address 0x00004568
 .igot.plt      0x1000000c        0x0 ./LoRa.o

.bss_RAM2       0x2007c000        0x0
                [!provide]                PROVIDE (__start_bss_RAM2, .)
 *(.bss.$RAM2*)
 *(.bss.$RamAHB32*)
                0x2007c000                . = ALIGN ((. != 0x0)?0x4:0x1)
                [!provide]                PROVIDE (__end_bss_RAM2, .)

.bss            0x1000000c      0x220
                0x1000000c                _bss = .
 *(.bss*)
 .bss           0x1000000c        0xd ./LoRa.o
                0x1000000c                _packetIndex
                0x10000010                _implicitHeaderMode
                0x10000014                _frequency
                0x10000018                receiveLora
 *fill*         0x10000019        0x3 
 .bss           0x1000001c        0x8 ./main.o
                0x1000001c                receiveData
                0x10000020                gnSendPackCount
 .bss           0x10000024       0x18 ./ssp.o
                0x10000024                interrupt0RxStat
                0x10000028                interrupt0OverRunStat
                0x1000002c                interrupt0RxTimeoutStat
                0x10000030                interrupt1RxStat
                0x10000034                interrupt1OverRunStat
                0x10000038                interrupt1RxTimeoutStat
 .bss.errno     0x1000003c        0x4 c:/nxp/mcuxpressoide_10.2.1_795/ide/tools/bin/../lib/gcc/arm-none-eabi/7.2.1/../../../../arm-none-eabi/lib/thumb/v7-m\libcr_c.a(errno.o)
                0x1000003c                errno
 .bss.__end_of_heap
                0x10000040        0x4 c:/nxp/mcuxpressoide_10.2.1_795/ide/tools/bin/../lib/gcc/arm-none-eabi/7.2.1/../../../../arm-none-eabi/lib/thumb/v7-m\libcr_c.a(__init_alloc.o)
                0x10000040                __end_of_heap
 .bss.__heaps   0x10000044        0x4 c:/nxp/mcuxpressoide_10.2.1_795/ide/tools/bin/../lib/gcc/arm-none-eabi/7.2.1/../../../../arm-none-eabi/lib/thumb/v7-m\libcr_c.a(__init_alloc.o)
                0x10000044                __heaps
 .bss.__Ciob    0x10000048      0x1e0 c:/nxp/mcuxpressoide_10.2.1_795/ide/tools/bin/../lib/gcc/arm-none-eabi/7.2.1/../../../../arm-none-eabi/lib/thumb/v7-m\libcr_semihost.a(__ciob.o)
                0x10000048                __Ciob
 *(COMMON)
 COMMON         0x10000228        0x4 ./main.o
                0x10000228                packetSize
                0x1000022c                . = ALIGN (0x4)
                0x1000022c                _ebss = .
                [!provide]                PROVIDE (end, .)

.noinit_RAM2    0x2007c000        0x0
 *(.noinit.$RAM2*)
 *(.noinit.$RamAHB32*)
                0x2007c000                . = ALIGN (0x4)

.noinit         0x1000022c        0x0
                0x1000022c                _noinit = .
 *(.noinit*)
                0x1000022c                . = ALIGN (0x4)
                0x1000022c                _end_noinit = .
                0x1000022c                PROVIDE (_pvHeapStart, DEFINED (__user_heap_base)?__user_heap_base:.)
                0x10008000                PROVIDE (_vStackTop, DEFINED (__user_stack_top)?__user_stack_top:(__top_RamLoc32 - 0x0))
                [!provide]                PROVIDE (__valid_user_code_checksum, (0x0 - ((((((_vStackTop + (ResetISR + 0x1)) + (NMI_Handler + 0x1)) + (HardFault_Handler + 0x1)) + (DEFINED (MemManage_Handler)?MemManage_Handler:0x0 + 0x1)) + (DEFINED (BusFault_Handler)?BusFault_Handler:0x0 + 0x1)) + (DEFINED (UsageFault_Handler)?UsageFault_Handler:0x0 + 0x1))))
                0x00000000                _image_start = LOADADDR (.text)
                0x00004568                _image_end = (LOADADDR (.data) + SIZEOF (.data))
                0x00004568                _image_size = (_image_end - _image_start)
OUTPUT(SimpleDemo.axf elf32-littlearm)

.debug_info     0x00000000     0x21ea
 .debug_info    0x00000000      0xb94 ./LoRa.o
 .debug_info    0x00000b94      0x53b ./main.o
 .debug_info    0x000010cf      0xb97 ./ssp.o
 .debug_info    0x00001c66      0x237 C:\Users\tarun\Desktop\New folder\1\CMSIS_CORE_LPC17xx\Debug\libCMSIS_CORE_LPC17xx.a(cr_startup_lpc17.o)
 .debug_info    0x00001e9d      0x34d C:\Users\tarun\Desktop\New folder\1\CMSIS_CORE_LPC17xx\Debug\libCMSIS_CORE_LPC17xx.a(system_LPC17xx.o)

.debug_abbrev   0x00000000      0x904
 .debug_abbrev  0x00000000      0x2ab ./LoRa.o
 .debug_abbrev  0x000002ab      0x20a ./main.o
 .debug_abbrev  0x000004b5      0x251 ./ssp.o
 .debug_abbrev  0x00000706       0xf6 C:\Users\tarun\Desktop\New folder\1\CMSIS_CORE_LPC17xx\Debug\libCMSIS_CORE_LPC17xx.a(cr_startup_lpc17.o)
 .debug_abbrev  0x000007fc      0x108 C:\Users\tarun\Desktop\New folder\1\CMSIS_CORE_LPC17xx\Debug\libCMSIS_CORE_LPC17xx.a(system_LPC17xx.o)

.debug_aranges  0x00000000      0x260
 .debug_aranges
                0x00000000      0x138 ./LoRa.o
 .debug_aranges
                0x00000138       0x50 ./main.o
 .debug_aranges
                0x00000188       0x40 ./ssp.o
 .debug_aranges
                0x000001c8       0x70 C:\Users\tarun\Desktop\New folder\1\CMSIS_CORE_LPC17xx\Debug\libCMSIS_CORE_LPC17xx.a(cr_startup_lpc17.o)
 .debug_aranges
                0x00000238       0x28 C:\Users\tarun\Desktop\New folder\1\CMSIS_CORE_LPC17xx\Debug\libCMSIS_CORE_LPC17xx.a(system_LPC17xx.o)

.debug_ranges   0x00000000      0x210
 .debug_ranges  0x00000000      0x128 ./LoRa.o
 .debug_ranges  0x00000128       0x40 ./main.o
 .debug_ranges  0x00000168       0x30 ./ssp.o
 .debug_ranges  0x00000198       0x60 C:\Users\tarun\Desktop\New folder\1\CMSIS_CORE_LPC17xx\Debug\libCMSIS_CORE_LPC17xx.a(cr_startup_lpc17.o)
 .debug_ranges  0x000001f8       0x18 C:\Users\tarun\Desktop\New folder\1\CMSIS_CORE_LPC17xx\Debug\libCMSIS_CORE_LPC17xx.a(system_LPC17xx.o)

.debug_macro    0x00000000     0x329d
 .debug_macro   0x00000000      0x1d2 ./LoRa.o
 .debug_macro   0x000001d2      0xa60 ./LoRa.o
 .debug_macro   0x00000c32       0x10 ./LoRa.o
 .debug_macro   0x00000c42      0x12d ./LoRa.o
 .debug_macro   0x00000d6f       0xa0 ./LoRa.o
 .debug_macro   0x00000e0f       0x10 ./LoRa.o
 .debug_macro   0x00000e1f      0x5b2 ./LoRa.o
 .debug_macro   0x000013d1       0x1c ./LoRa.o
 .debug_macro   0x000013ed       0x3a ./LoRa.o
 .debug_macro   0x00001427       0x2d ./LoRa.o
 .debug_macro   0x00001454      0xbb1 ./LoRa.o
 .debug_macro   0x00002005      0x2c7 ./LoRa.o
 .debug_macro   0x000022cc       0xbe ./LoRa.o
 .debug_macro   0x0000238a       0x10 ./LoRa.o
 .debug_macro   0x0000239a       0x52 ./LoRa.o
 .debug_macro   0x000023ec      0x11e ./main.o
 .debug_macro   0x0000250a       0x82 ./main.o
 .debug_macro   0x0000258c       0x22 ./main.o
 .debug_macro   0x000025ae       0x1c ./main.o
 .debug_macro   0x000025ca       0x3a ./main.o
 .debug_macro   0x00002604       0x22 ./main.o
 .debug_macro   0x00002626       0x8c ./ssp.o
 .debug_macro   0x000026b2       0x52 C:\Users\tarun\Desktop\New folder\1\CMSIS_CORE_LPC17xx\Debug\libCMSIS_CORE_LPC17xx.a(cr_startup_lpc17.o)
 .debug_macro   0x00002704      0xa6c C:\Users\tarun\Desktop\New folder\1\CMSIS_CORE_LPC17xx\Debug\libCMSIS_CORE_LPC17xx.a(cr_startup_lpc17.o)
 .debug_macro   0x00003170      0x12d C:\Users\tarun\Desktop\New folder\1\CMSIS_CORE_LPC17xx\Debug\libCMSIS_CORE_LPC17xx.a(system_LPC17xx.o)

.debug_line     0x00000000      0xf1d
 .debug_line    0x00000000      0x578 ./LoRa.o
 .debug_line    0x00000578      0x365 ./main.o
 .debug_line    0x000008dd      0x223 ./ssp.o
 .debug_line    0x00000b00      0x206 C:\Users\tarun\Desktop\New folder\1\CMSIS_CORE_LPC17xx\Debug\libCMSIS_CORE_LPC17xx.a(cr_startup_lpc17.o)
 .debug_line    0x00000d06      0x217 C:\Users\tarun\Desktop\New folder\1\CMSIS_CORE_LPC17xx\Debug\libCMSIS_CORE_LPC17xx.a(system_LPC17xx.o)

.debug_str      0x00000000     0xbe10
 .debug_str     0x00000000     0xacaf ./LoRa.o
                               0xad7f (size before relaxing)
 .debug_str     0x0000acaf      0x794 ./main.o
                               0xab93 (size before relaxing)
 .debug_str     0x0000b443      0x47a ./ssp.o
                               0xa719 (size before relaxing)
 .debug_str     0x0000b8bd      0x27e C:\Users\tarun\Desktop\New folder\1\CMSIS_CORE_LPC17xx\Debug\libCMSIS_CORE_LPC17xx.a(cr_startup_lpc17.o)
                               0x4572 (size before relaxing)
 .debug_str     0x0000bb3b      0x2d5 C:\Users\tarun\Desktop\New folder\1\CMSIS_CORE_LPC17xx\Debug\libCMSIS_CORE_LPC17xx.a(system_LPC17xx.o)
                               0xa153 (size before relaxing)

.comment        0x00000000       0x7e
 .comment       0x00000000       0x7e ./LoRa.o
                                 0x7f (size before relaxing)
 .comment       0x0000007e       0x7f ./main.o
 .comment       0x0000007e       0x7f ./ssp.o
 .comment       0x0000007e       0x7f C:\Users\tarun\Desktop\New folder\1\CMSIS_CORE_LPC17xx\Debug\libCMSIS_CORE_LPC17xx.a(cr_startup_lpc17.o)
 .comment       0x0000007e       0x7f C:\Users\tarun\Desktop\New folder\1\CMSIS_CORE_LPC17xx\Debug\libCMSIS_CORE_LPC17xx.a(system_LPC17xx.o)
 .comment       0x0000007e       0x7f c:/nxp/mcuxpressoide_10.2.1_795/ide/tools/bin/../lib/gcc/arm-none-eabi/7.2.1/../../../../arm-none-eabi/lib/thumb/v7-m\libcr_semihost.a(_cr__main.o)
 .comment       0x0000007e       0x7f c:/nxp/mcuxpressoide_10.2.1_795/ide/tools/bin/../lib/gcc/arm-none-eabi/7.2.1/../../../../arm-none-eabi/lib/thumb/v7-m\libcr_c.a(memset.o)
 .comment       0x0000007e       0x7f c:/nxp/mcuxpressoide_10.2.1_795/ide/tools/bin/../lib/gcc/arm-none-eabi/7.2.1/../../../../arm-none-eabi/lib/thumb/v7-m\libcr_c.a(fpprintf.o)
 .comment       0x0000007e       0x7f c:/nxp/mcuxpressoide_10.2.1_795/ide/tools/bin/../lib/gcc/arm-none-eabi/7.2.1/../../../../arm-none-eabi/lib/thumb/v7-m\libcr_c.a(initio.o)
 .comment       0x0000007e       0x7f c:/nxp/mcuxpressoide_10.2.1_795/ide/tools/bin/../lib/gcc/arm-none-eabi/7.2.1/../../../../arm-none-eabi/lib/thumb/v7-m\libcr_c.a(printf.o)
 .comment       0x0000007e       0x7f c:/nxp/mcuxpressoide_10.2.1_795/ide/tools/bin/../lib/gcc/arm-none-eabi/7.2.1/../../../../arm-none-eabi/lib/thumb/v7-m\libcr_c.a(scanf.o)
 .comment       0x0000007e       0x7f c:/nxp/mcuxpressoide_10.2.1_795/ide/tools/bin/../lib/gcc/arm-none-eabi/7.2.1/../../../../arm-none-eabi/lib/thumb/v7-m\libcr_c.a(setvbuf.o)
 .comment       0x0000007e       0x7f c:/nxp/mcuxpressoide_10.2.1_795/ide/tools/bin/../lib/gcc/arm-none-eabi/7.2.1/../../../../arm-none-eabi/lib/thumb/v7-m\libcr_c.a(strlen.o)
 .comment       0x0000007e       0x7f c:/nxp/mcuxpressoide_10.2.1_795/ide/tools/bin/../lib/gcc/arm-none-eabi/7.2.1/../../../../arm-none-eabi/lib/thumb/v7-m\libcr_c.a(ungetc.o)
 .comment       0x0000007e       0x7f c:/nxp/mcuxpressoide_10.2.1_795/ide/tools/bin/../lib/gcc/arm-none-eabi/7.2.1/../../../../arm-none-eabi/lib/thumb/v7-m\libcr_c.a(__fillbuf.o)
 .comment       0x0000007e       0x7f c:/nxp/mcuxpressoide_10.2.1_795/ide/tools/bin/../lib/gcc/arm-none-eabi/7.2.1/../../../../arm-none-eabi/lib/thumb/v7-m\libcr_c.a(_deferredlazyseek.o)
 .comment       0x0000007e       0x7f c:/nxp/mcuxpressoide_10.2.1_795/ide/tools/bin/../lib/gcc/arm-none-eabi/7.2.1/../../../../arm-none-eabi/lib/thumb/v7-m\libcr_c.a(_fdopen.o)
 .comment       0x0000007e       0x7f c:/nxp/mcuxpressoide_10.2.1_795/ide/tools/bin/../lib/gcc/arm-none-eabi/7.2.1/../../../../arm-none-eabi/lib/thumb/v7-m\libcr_c.a(_fflush.o)
 .comment       0x0000007e       0x7f c:/nxp/mcuxpressoide_10.2.1_795/ide/tools/bin/../lib/gcc/arm-none-eabi/7.2.1/../../../../arm-none-eabi/lib/thumb/v7-m\libcr_c.a(_frexpl.o)
 .comment       0x0000007e       0x7f c:/nxp/mcuxpressoide_10.2.1_795/ide/tools/bin/../lib/gcc/arm-none-eabi/7.2.1/../../../../arm-none-eabi/lib/thumb/v7-m\libcr_c.a(_hugeval.o)
 .comment       0x0000007e       0x7f c:/nxp/mcuxpressoide_10.2.1_795/ide/tools/bin/../lib/gcc/arm-none-eabi/7.2.1/../../../../arm-none-eabi/lib/thumb/v7-m\libcr_c.a(_ldexpl.o)
 .comment       0x0000007e       0x7f c:/nxp/mcuxpressoide_10.2.1_795/ide/tools/bin/../lib/gcc/arm-none-eabi/7.2.1/../../../../arm-none-eabi/lib/thumb/v7-m\libcr_c.a(_writebuf.o)
 .comment       0x0000007e       0x7f c:/nxp/mcuxpressoide_10.2.1_795/ide/tools/bin/../lib/gcc/arm-none-eabi/7.2.1/../../../../arm-none-eabi/lib/thumb/v7-m\libcr_c.a(alloc.o)
 .comment       0x0000007e       0x7f c:/nxp/mcuxpressoide_10.2.1_795/ide/tools/bin/../lib/gcc/arm-none-eabi/7.2.1/../../../../arm-none-eabi/lib/thumb/v7-m\libcr_c.a(ctype.o)
 .comment       0x0000007e       0x7f c:/nxp/mcuxpressoide_10.2.1_795/ide/tools/bin/../lib/gcc/arm-none-eabi/7.2.1/../../../../arm-none-eabi/lib/thumb/v7-m\libcr_c.a(errno.o)
 .comment       0x0000007e       0x7f c:/nxp/mcuxpressoide_10.2.1_795/ide/tools/bin/../lib/gcc/arm-none-eabi/7.2.1/../../../../arm-none-eabi/lib/thumb/v7-m\libcr_c.a(fclose.o)
 .comment       0x0000007e       0x7f c:/nxp/mcuxpressoide_10.2.1_795/ide/tools/bin/../lib/gcc/arm-none-eabi/7.2.1/../../../../arm-none-eabi/lib/thumb/v7-m\libcr_c.a(fflush.o)
 .comment       0x0000007e       0x7f c:/nxp/mcuxpressoide_10.2.1_795/ide/tools/bin/../lib/gcc/arm-none-eabi/7.2.1/../../../../arm-none-eabi/lib/thumb/v7-m\libcr_c.a(fseek.o)
 .comment       0x0000007e       0x7f c:/nxp/mcuxpressoide_10.2.1_795/ide/tools/bin/../lib/gcc/arm-none-eabi/7.2.1/../../../../arm-none-eabi/lib/thumb/v7-m\libcr_c.a(ftell.o)
 .comment       0x0000007e       0x7f c:/nxp/mcuxpressoide_10.2.1_795/ide/tools/bin/../lib/gcc/arm-none-eabi/7.2.1/../../../../arm-none-eabi/lib/thumb/v7-m\libcr_c.a(remove.o)
 .comment       0x0000007e       0x7f c:/nxp/mcuxpressoide_10.2.1_795/ide/tools/bin/../lib/gcc/arm-none-eabi/7.2.1/../../../../arm-none-eabi/lib/thumb/v7-m\libcr_c.a(__init_alloc.o)
 .comment       0x0000007e       0x7f c:/nxp/mcuxpressoide_10.2.1_795/ide/tools/bin/../lib/gcc/arm-none-eabi/7.2.1/../../../../arm-none-eabi/lib/thumb/v7-m\libcr_c.a(_cr_sbrk.o)
 .comment       0x0000007e       0x7f c:/nxp/mcuxpressoide_10.2.1_795/ide/tools/bin/../lib/gcc/arm-none-eabi/7.2.1/../../../../arm-none-eabi/lib/thumb/v7-m\libcr_c.a(_do_fflush.o)
 .comment       0x0000007e       0x7f c:/nxp/mcuxpressoide_10.2.1_795/ide/tools/bin/../lib/gcc/arm-none-eabi/7.2.1/../../../../arm-none-eabi/lib/thumb/v7-m\libcr_c.a(_cr_check_heap.o)
 .comment       0x0000007e       0x7f c:/nxp/mcuxpressoide_10.2.1_795/ide/tools/bin/../lib/gcc/arm-none-eabi/7.2.1/thumb/v7-m\libcr_eabihelpers.a(double.o)
 .comment       0x0000007e       0x7f c:/nxp/mcuxpressoide_10.2.1_795/ide/tools/bin/../lib/gcc/arm-none-eabi/7.2.1/thumb/v7-m\libcr_eabihelpers.a(float.o)
 .comment       0x0000007e       0x7f c:/nxp/mcuxpressoide_10.2.1_795/ide/tools/bin/../lib/gcc/arm-none-eabi/7.2.1/../../../../arm-none-eabi/lib/thumb/v7-m\libcr_semihost.a(__ciob.o)

.ARM.attributes
                0x00000000       0x31
 .ARM.attributes
                0x00000000       0x33 ./LoRa.o
 .ARM.attributes
                0x00000033       0x33 ./main.o
 .ARM.attributes
                0x00000066       0x33 ./ssp.o
 .ARM.attributes
                0x00000099       0x33 C:\Users\tarun\Desktop\New folder\1\CMSIS_CORE_LPC17xx\Debug\libCMSIS_CORE_LPC17xx.a(cr_startup_lpc17.o)
 .ARM.attributes
                0x000000cc       0x33 C:\Users\tarun\Desktop\New folder\1\CMSIS_CORE_LPC17xx\Debug\libCMSIS_CORE_LPC17xx.a(system_LPC17xx.o)
 .ARM.attributes
                0x000000ff       0x33 c:/nxp/mcuxpressoide_10.2.1_795/ide/tools/bin/../lib/gcc/arm-none-eabi/7.2.1/../../../../arm-none-eabi/lib/thumb/v7-m\libcr_semihost.a(_cr__main.o)
 .ARM.attributes
                0x00000132       0x33 c:/nxp/mcuxpressoide_10.2.1_795/ide/tools/bin/../lib/gcc/arm-none-eabi/7.2.1/../../../../arm-none-eabi/lib/thumb/v7-m\libcr_c.a(memset.o)
 .ARM.attributes
                0x00000165       0x33 c:/nxp/mcuxpressoide_10.2.1_795/ide/tools/bin/../lib/gcc/arm-none-eabi/7.2.1/../../../../arm-none-eabi/lib/thumb/v7-m\libcr_c.a(fpprintf.o)
 .ARM.attributes
                0x00000198       0x33 c:/nxp/mcuxpressoide_10.2.1_795/ide/tools/bin/../lib/gcc/arm-none-eabi/7.2.1/../../../../arm-none-eabi/lib/thumb/v7-m\libcr_c.a(initio.o)
 .ARM.attributes
                0x000001cb       0x33 c:/nxp/mcuxpressoide_10.2.1_795/ide/tools/bin/../lib/gcc/arm-none-eabi/7.2.1/../../../../arm-none-eabi/lib/thumb/v7-m\libcr_c.a(printf.o)
 .ARM.attributes
                0x000001fe       0x33 c:/nxp/mcuxpressoide_10.2.1_795/ide/tools/bin/../lib/gcc/arm-none-eabi/7.2.1/../../../../arm-none-eabi/lib/thumb/v7-m\libcr_c.a(scanf.o)
 .ARM.attributes
                0x00000231       0x33 c:/nxp/mcuxpressoide_10.2.1_795/ide/tools/bin/../lib/gcc/arm-none-eabi/7.2.1/../../../../arm-none-eabi/lib/thumb/v7-m\libcr_c.a(setvbuf.o)
 .ARM.attributes
                0x00000264       0x33 c:/nxp/mcuxpressoide_10.2.1_795/ide/tools/bin/../lib/gcc/arm-none-eabi/7.2.1/../../../../arm-none-eabi/lib/thumb/v7-m\libcr_c.a(strlen.o)
 .ARM.attributes
                0x00000297       0x33 c:/nxp/mcuxpressoide_10.2.1_795/ide/tools/bin/../lib/gcc/arm-none-eabi/7.2.1/../../../../arm-none-eabi/lib/thumb/v7-m\libcr_c.a(ungetc.o)
 .ARM.attributes
                0x000002ca       0x33 c:/nxp/mcuxpressoide_10.2.1_795/ide/tools/bin/../lib/gcc/arm-none-eabi/7.2.1/../../../../arm-none-eabi/lib/thumb/v7-m\libcr_c.a(__fillbuf.o)
 .ARM.attributes
                0x000002fd       0x33 c:/nxp/mcuxpressoide_10.2.1_795/ide/tools/bin/../lib/gcc/arm-none-eabi/7.2.1/../../../../arm-none-eabi/lib/thumb/v7-m\libcr_c.a(_deferredlazyseek.o)
 .ARM.attributes
                0x00000330       0x33 c:/nxp/mcuxpressoide_10.2.1_795/ide/tools/bin/../lib/gcc/arm-none-eabi/7.2.1/../../../../arm-none-eabi/lib/thumb/v7-m\libcr_c.a(_fdopen.o)
 .ARM.attributes
                0x00000363       0x33 c:/nxp/mcuxpressoide_10.2.1_795/ide/tools/bin/../lib/gcc/arm-none-eabi/7.2.1/../../../../arm-none-eabi/lib/thumb/v7-m\libcr_c.a(_fflush.o)
 .ARM.attributes
                0x00000396       0x33 c:/nxp/mcuxpressoide_10.2.1_795/ide/tools/bin/../lib/gcc/arm-none-eabi/7.2.1/../../../../arm-none-eabi/lib/thumb/v7-m\libcr_c.a(_frexpl.o)
 .ARM.attributes
                0x000003c9       0x33 c:/nxp/mcuxpressoide_10.2.1_795/ide/tools/bin/../lib/gcc/arm-none-eabi/7.2.1/../../../../arm-none-eabi/lib/thumb/v7-m\libcr_c.a(_hugeval.o)
 .ARM.attributes
                0x000003fc       0x33 c:/nxp/mcuxpressoide_10.2.1_795/ide/tools/bin/../lib/gcc/arm-none-eabi/7.2.1/../../../../arm-none-eabi/lib/thumb/v7-m\libcr_c.a(_ldexpl.o)
 .ARM.attributes
                0x0000042f       0x33 c:/nxp/mcuxpressoide_10.2.1_795/ide/tools/bin/../lib/gcc/arm-none-eabi/7.2.1/../../../../arm-none-eabi/lib/thumb/v7-m\libcr_c.a(_writebuf.o)
 .ARM.attributes
                0x00000462       0x33 c:/nxp/mcuxpressoide_10.2.1_795/ide/tools/bin/../lib/gcc/arm-none-eabi/7.2.1/../../../../arm-none-eabi/lib/thumb/v7-m\libcr_c.a(alloc.o)
 .ARM.attributes
                0x00000495       0x33 c:/nxp/mcuxpressoide_10.2.1_795/ide/tools/bin/../lib/gcc/arm-none-eabi/7.2.1/../../../../arm-none-eabi/lib/thumb/v7-m\libcr_c.a(ctype.o)
 .ARM.attributes
                0x000004c8       0x33 c:/nxp/mcuxpressoide_10.2.1_795/ide/tools/bin/../lib/gcc/arm-none-eabi/7.2.1/../../../../arm-none-eabi/lib/thumb/v7-m\libcr_c.a(errno.o)
 .ARM.attributes
                0x000004fb       0x33 c:/nxp/mcuxpressoide_10.2.1_795/ide/tools/bin/../lib/gcc/arm-none-eabi/7.2.1/../../../../arm-none-eabi/lib/thumb/v7-m\libcr_c.a(fclose.o)
 .ARM.attributes
                0x0000052e       0x33 c:/nxp/mcuxpressoide_10.2.1_795/ide/tools/bin/../lib/gcc/arm-none-eabi/7.2.1/../../../../arm-none-eabi/lib/thumb/v7-m\libcr_c.a(fflush.o)
 .ARM.attributes
                0x00000561       0x33 c:/nxp/mcuxpressoide_10.2.1_795/ide/tools/bin/../lib/gcc/arm-none-eabi/7.2.1/../../../../arm-none-eabi/lib/thumb/v7-m\libcr_c.a(fseek.o)
 .ARM.attributes
                0x00000594       0x33 c:/nxp/mcuxpressoide_10.2.1_795/ide/tools/bin/../lib/gcc/arm-none-eabi/7.2.1/../../../../arm-none-eabi/lib/thumb/v7-m\libcr_c.a(ftell.o)
 .ARM.attributes
                0x000005c7       0x33 c:/nxp/mcuxpressoide_10.2.1_795/ide/tools/bin/../lib/gcc/arm-none-eabi/7.2.1/../../../../arm-none-eabi/lib/thumb/v7-m\libcr_c.a(remove.o)
 .ARM.attributes
                0x000005fa       0x33 c:/nxp/mcuxpressoide_10.2.1_795/ide/tools/bin/../lib/gcc/arm-none-eabi/7.2.1/../../../../arm-none-eabi/lib/thumb/v7-m\libcr_c.a(__init_alloc.o)
 .ARM.attributes
                0x0000062d       0x33 c:/nxp/mcuxpressoide_10.2.1_795/ide/tools/bin/../lib/gcc/arm-none-eabi/7.2.1/../../../../arm-none-eabi/lib/thumb/v7-m\libcr_c.a(_cr_sbrk.o)
 .ARM.attributes
                0x00000660       0x33 c:/nxp/mcuxpressoide_10.2.1_795/ide/tools/bin/../lib/gcc/arm-none-eabi/7.2.1/../../../../arm-none-eabi/lib/thumb/v7-m\libcr_c.a(_do_fflush.o)
 .ARM.attributes
                0x00000693       0x33 c:/nxp/mcuxpressoide_10.2.1_795/ide/tools/bin/../lib/gcc/arm-none-eabi/7.2.1/../../../../arm-none-eabi/lib/thumb/v7-m\libcr_c.a(_cr_check_heap.o)
 .ARM.attributes
                0x000006c6       0x21 c:/nxp/mcuxpressoide_10.2.1_795/ide/tools/bin/../lib/gcc/arm-none-eabi/7.2.1/thumb/v7-m\libcr_eabihelpers.a(division_64.o)
 .ARM.attributes
                0x000006e7       0x21 c:/nxp/mcuxpressoide_10.2.1_795/ide/tools/bin/../lib/gcc/arm-none-eabi/7.2.1/thumb/v7-m\libcr_eabihelpers.a(division_idiv0.o)
 .ARM.attributes
                0x00000708       0x33 c:/nxp/mcuxpressoide_10.2.1_795/ide/tools/bin/../lib/gcc/arm-none-eabi/7.2.1/thumb/v7-m\libcr_eabihelpers.a(double.o)
 .ARM.attributes
                0x0000073b       0x33 c:/nxp/mcuxpressoide_10.2.1_795/ide/tools/bin/../lib/gcc/arm-none-eabi/7.2.1/thumb/v7-m\libcr_eabihelpers.a(float.o)
 .ARM.attributes
                0x0000076e       0x21 c:/nxp/mcuxpressoide_10.2.1_795/ide/tools/bin/../lib/gcc/arm-none-eabi/7.2.1/thumb/v7-m\libcr_eabihelpers.a(memcpy.o)
 .ARM.attributes
                0x0000078f       0x33 c:/nxp/mcuxpressoide_10.2.1_795/ide/tools/bin/../lib/gcc/arm-none-eabi/7.2.1/../../../../arm-none-eabi/lib/thumb/v7-m\libcr_semihost.a(__ciob.o)
 .ARM.attributes
                0x000007c2       0x21 c:/nxp/mcuxpressoide_10.2.1_795/ide/tools/bin/../lib/gcc/arm-none-eabi/7.2.1/../../../../arm-none-eabi/lib/thumb/v7-m\libcr_semihost.a(__sys_appexit.o)
 .ARM.attributes
                0x000007e3       0x21 c:/nxp/mcuxpressoide_10.2.1_795/ide/tools/bin/../lib/gcc/arm-none-eabi/7.2.1/../../../../arm-none-eabi/lib/thumb/v7-m\libcr_semihost.a(__sys_close.o)
 .ARM.attributes
                0x00000804       0x21 c:/nxp/mcuxpressoide_10.2.1_795/ide/tools/bin/../lib/gcc/arm-none-eabi/7.2.1/../../../../arm-none-eabi/lib/thumb/v7-m\libcr_semihost.a(__sys_flen.o)
 .ARM.attributes
                0x00000825       0x21 c:/nxp/mcuxpressoide_10.2.1_795/ide/tools/bin/../lib/gcc/arm-none-eabi/7.2.1/../../../../arm-none-eabi/lib/thumb/v7-m\libcr_semihost.a(__sys_istty.o)
 .ARM.attributes
                0x00000846       0x21 c:/nxp/mcuxpressoide_10.2.1_795/ide/tools/bin/../lib/gcc/arm-none-eabi/7.2.1/../../../../arm-none-eabi/lib/thumb/v7-m\libcr_semihost.a(__sys_read.o)
 .ARM.attributes
                0x00000867       0x21 c:/nxp/mcuxpressoide_10.2.1_795/ide/tools/bin/../lib/gcc/arm-none-eabi/7.2.1/../../../../arm-none-eabi/lib/thumb/v7-m\libcr_semihost.a(__sys_readc.o)
 .ARM.attributes
                0x00000888       0x21 c:/nxp/mcuxpressoide_10.2.1_795/ide/tools/bin/../lib/gcc/arm-none-eabi/7.2.1/../../../../arm-none-eabi/lib/thumb/v7-m\libcr_semihost.a(__sys_remove.o)
 .ARM.attributes
                0x000008a9       0x21 c:/nxp/mcuxpressoide_10.2.1_795/ide/tools/bin/../lib/gcc/arm-none-eabi/7.2.1/../../../../arm-none-eabi/lib/thumb/v7-m\libcr_semihost.a(__sys_seek.o)
 .ARM.attributes
                0x000008ca       0x21 c:/nxp/mcuxpressoide_10.2.1_795/ide/tools/bin/../lib/gcc/arm-none-eabi/7.2.1/../../../../arm-none-eabi/lib/thumb/v7-m\libcr_semihost.a(__sys_tmpnam.o)
 .ARM.attributes
                0x000008eb       0x21 c:/nxp/mcuxpressoide_10.2.1_795/ide/tools/bin/../lib/gcc/arm-none-eabi/7.2.1/../../../../arm-none-eabi/lib/thumb/v7-m\libcr_semihost.a(__sys_write.o)

.debug_frame    0x00000000      0x790
 .debug_frame   0x00000000      0x4b0 ./LoRa.o
 .debug_frame   0x000004b0      0x110 ./main.o
 .debug_frame   0x000005c0       0xcc ./ssp.o
 .debug_frame   0x0000068c       0xc8 C:\Users\tarun\Desktop\New folder\1\CMSIS_CORE_LPC17xx\Debug\libCMSIS_CORE_LPC17xx.a(cr_startup_lpc17.o)
 .debug_frame   0x00000754       0x3c C:\Users\tarun\Desktop\New folder\1\CMSIS_CORE_LPC17xx\Debug\libCMSIS_CORE_LPC17xx.a(system_LPC17xx.o)

.debug_loc      0x00000000       0x2b
 .debug_loc     0x00000000       0x2b C:\Users\tarun\Desktop\New folder\1\CMSIS_CORE_LPC17xx\Debug\libCMSIS_CORE_LPC17xx.a(cr_startup_lpc17.o)
